../Core/Src/main.c:191:6:HAL_UART_ErrorCallback	16	static
../Core/Src/main.c:200:6:current_wheel_distance	8	static
../Core/Src/main.c:209:6:all_wheel_distance	4	static
../Core/Src/main.c:278:5:main	8	static
../Core/Src/main.c:365:6:SystemClock_Config	88	static
../Core/Src/main.c:409:13:MX_ADC1_Init	24	static
../Core/Src/main.c:466:13:MX_SPI1_Init	8	static
../Core/Src/main.c:502:13:MX_SPI2_Init	8	static
../Core/Src/main.c:538:13:MX_SPI3_Init	8	static
../Core/Src/main.c:574:13:MX_TIM2_Init	32	static
../Core/Src/main.c:616:13:MX_TIM3_Init	32	static
../Core/Src/main.c:658:13:MX_USART1_UART_Init	8	static
../Core/Src/main.c:689:13:MX_USART6_UART_Init	8	static
../Core/Src/main.c:718:13:MX_DMA_Init	16	static
../Core/Src/main.c:766:13:MX_GPIO_Init	48	static
../Core/Src/main.c:890:6:com_forward	24	static
../Core/Src/main.c:948:6:com_backward	24	static
../Core/Src/main.c:1004:6:com_left	24	static
../Core/Src/main.c:1061:6:com_right	24	static
../Core/Src/main.c:1117:6:com_stop	4	static
../Core/Src/main.c:1129:6:com_a	8	static
../Core/Src/main.c:1142:6:com_b	4	static
../Core/Src/main.c:1145:6:com_x	4	static
../Core/Src/main.c:1148:6:com_y	4	static
../Core/Src/main.c:1151:6:com_pause	4	static
../Core/Src/main.c:1154:6:com_start	4	static
../Core/Src/main.c:1157:6:joystick_manual	8	static
../Core/Src/main.c:1199:6:joystick_control	4	static
../Core/Src/main.c:1234:6:bluetooth_control	4	static
../Core/Src/main.c:1259:6:calculate_wheel_angles	104	static
../Core/Src/main.c:1296:6:spi1_send	16	static
../Core/Src/main.c:1340:6:spi2_send	16	static
../Core/Src/main.c:1386:6:spi3_send	16	static
../Core/Src/main.c:1430:6:flag_on	8	static
../Core/Src/main.c:1437:6:transmit_info	4	static
../Core/Src/main.c:1505:6:received_transform	4	static
../Core/Src/main.c:1535:6:spi_to_uart	8	static
../Core/Src/main.c:1596:6:spi1_clear	4	static
../Core/Src/main.c:1607:6:spi2_clear	4	static
../Core/Src/main.c:1618:6:spi3_clear	4	static
../Core/Src/main.c:1630:6:spi_check	8	static
../Core/Src/main.c:1657:6:angle_motor_calc	32	static
../Core/Src/main.c:1690:6:f_kinematics	16	static
../Core/Src/main.c:1706:6:HAL_SPI_ErrorCallback	40	static
../Core/Src/main.c:1775:6:HAL_SPI_TxRxCpltCallback	40	static
../Core/Src/main.c:1825:6:bluetooth_uart	16	static
../Core/Src/main.c:1837:6:Error_Handler	4	static,ignoring_inline_asm
