../Core/Src/stm32f4xx_it.c:92:6:NMI_Handler	4	static
../Core/Src/stm32f4xx_it.c:106:6:HardFault_Handler	4	static
../Core/Src/stm32f4xx_it.c:121:6:MemManage_Handler	4	static
../Core/Src/stm32f4xx_it.c:136:6:BusFault_Handler	4	static
../Core/Src/stm32f4xx_it.c:151:6:UsageFault_Handler	4	static
../Core/Src/stm32f4xx_it.c:166:6:SVC_Handler	4	static
../Core/Src/stm32f4xx_it.c:179:6:DebugMon_Handler	4	static
../Core/Src/stm32f4xx_it.c:192:6:PendSV_Handler	4	static
../Core/Src/stm32f4xx_it.c:205:6:SysTick_Handler	8	static
../Core/Src/stm32f4xx_it.c:226:6:DMA1_Stream0_IRQHandler	8	static
../Core/Src/stm32f4xx_it.c:240:6:DMA1_Stream3_IRQHandler	8	static
../Core/Src/stm32f4xx_it.c:254:6:DMA1_Stream4_IRQHandler	8	static
../Core/Src/stm32f4xx_it.c:268:6:DMA1_Stream5_IRQHandler	8	static
../Core/Src/stm32f4xx_it.c:282:6:TIM2_IRQHandler	8	static
../Core/Src/stm32f4xx_it.c:296:6:TIM3_IRQHandler	8	static
../Core/Src/stm32f4xx_it.c:311:6:SPI1_IRQHandler	8	static
../Core/Src/stm32f4xx_it.c:325:6:SPI2_IRQHandler	8	static
../Core/Src/stm32f4xx_it.c:339:6:USART1_IRQHandler	8	static
../Core/Src/stm32f4xx_it.c:353:6:SPI3_IRQHandler	8	static
../Core/Src/stm32f4xx_it.c:367:6:DMA2_Stream0_IRQHandler	8	static
../Core/Src/stm32f4xx_it.c:381:6:DMA2_Stream1_IRQHandler	8	static
../Core/Src/stm32f4xx_it.c:395:6:DMA2_Stream2_IRQHandler	8	static
../Core/Src/stm32f4xx_it.c:409:6:DMA2_Stream4_IRQHandler	8	static
../Core/Src/stm32f4xx_it.c:423:6:DMA2_Stream5_IRQHandler	8	static
../Core/Src/stm32f4xx_it.c:437:6:DMA2_Stream6_IRQHandler	8	static
../Core/Src/stm32f4xx_it.c:451:6:DMA2_Stream7_IRQHandler	8	static
../Core/Src/stm32f4xx_it.c:465:6:USART6_IRQHandler	8	static
